
> projeto-hospedagem-de-video@0.0.0 build
> tsc -b && vite build

src/App.tsx(4,114): error TS6133: 'ChevronUp' is declared but its value is never read.
src/App.tsx(4,125): error TS6133: 'Clock' is declared but its value is never read.
src/App.tsx(4,132): error TS6133: 'MousePointerClick' is declared but its value is never read.
src/App.tsx(4,151): error TS6133: 'Link2' is declared but its value is never read.
src/App.tsx(543,14): error TS2552: Cannot find name 'AnalyticsView'. Did you mean 'analyticsVideo'?
src/App.tsx(694,14): error TS2552: Cannot find name 'SettingsView'. Did you mean 'Settings'?
src/App.tsx(696,14): error TS2304: Cannot find name 'ABTestsView'.
src/App.tsx(698,14): error TS2304: Cannot find name 'PartnersView'.
src/App.tsx(700,14): error TS2304: Cannot find name 'SecurityView'.
